******************************************************************************
             TMS320C2000 Linker PC v21.6.0                     
******************************************************************************
>> Linked Mon Mar 14 13:48:16 2022

OUTPUT FILE NAME:   <BP-Displej-zaklad.out>
ENTRY POINT SYMBOL: "_c_int00"  address: 00009123


MEMORY CONFIGURATION

         name            origin    length      used     unused   attr    fill
----------------------  --------  ---------  --------  --------  ----  --------
PAGE 0:
  BEGIN                 00000000   00000002  00000002  00000000  RWIX
  RAMM0                 00000050   000003b0  00000004  000003ac  RWIX
  RAML0                 00008000   00003000  00001313  00001ced  RWIX
  RAML3                 0000b000   00001000  00000000  00001000  RWIX
  ZONE7A                00200000   0000fc00  00000000  0000fc00  RWIX
  CSM_RSVD              0033ff80   00000076  00000000  00000076  RWIX
  CSM_PWL               0033fff8   00000008  00000000  00000008  RWIX
  ADC_CAL               00380080   00000009  00000007  00000002  RWIX
  IQTABLES              003fe000   00000b50  00000000  00000b50  RWIX
  IQTABLES2             003feb50   0000008c  00000000  0000008c  RWIX
  FPUTABLES             003febdc   000006a0  00000000  000006a0  RWIX
  BOOTROM               003ff27c   00000d44  00000000  00000d44  RWIX
  RESET                 003fffc0   00000002  00000000  00000002  RWIX

PAGE 1:
  BOOT_RSVD             00000002   0000004e  00000000  0000004e  RWIX
  RAMM1                 00000400   00000400  00000300  00000100  RWIX
  DEV_EMU               00000880   00000180  000000d0  000000b0  RWIX
  FLASH_REGS            00000a80   00000060  00000008  00000058  RWIX
  CSM                   00000ae0   00000010  00000010  00000000  RWIX
  ADC_MIRROR            00000b00   00000010  00000010  00000000  RWIX
  XINTF                 00000b20   00000020  0000001e  00000002  RWIX
  CPU_TIMER0            00000c00   00000008  00000008  00000000  RWIX
  CPU_TIMER1            00000c08   00000008  00000008  00000000  RWIX
  CPU_TIMER2            00000c10   00000008  00000008  00000000  RWIX
  PIE_CTRL              00000ce0   00000020  0000001a  00000006  RWIX
  PIE_VECT              00000d00   00000100  00000100  00000000  RWIX
  DMA                   00001000   00000200  000000e0  00000120  RWIX
  MCBSPA                00005000   00000040  00000025  0000001b  RWIX
  MCBSPB                00005040   00000040  00000025  0000001b  RWIX
  ECANA                 00006000   00000040  00000034  0000000c  RWIX
  ECANA_LAM             00006040   00000040  00000040  00000000  RWIX
  ECANA_MOTS            00006080   00000040  00000040  00000000  RWIX
  ECANA_MOTO            000060c0   00000040  00000040  00000000  RWIX
  ECANA_MBOX            00006100   00000100  00000100  00000000  RWIX
  ECANB                 00006200   00000040  00000034  0000000c  RWIX
  ECANB_LAM             00006240   00000040  00000040  00000000  RWIX
  ECANB_MOTS            00006280   00000040  00000040  00000000  RWIX
  ECANB_MOTO            000062c0   00000040  00000040  00000000  RWIX
  ECANB_MBOX            00006300   00000100  00000100  00000000  RWIX
  EPWM1                 00006800   00000022  00000022  00000000  RWIX
  EPWM2                 00006840   00000022  00000022  00000000  RWIX
  EPWM3                 00006880   00000022  00000022  00000000  RWIX
  EPWM4                 000068c0   00000022  00000022  00000000  RWIX
  EPWM5                 00006900   00000022  00000022  00000000  RWIX
  EPWM6                 00006940   00000022  00000022  00000000  RWIX
  ECAP1                 00006a00   00000020  00000020  00000000  RWIX
  ECAP2                 00006a20   00000020  00000020  00000000  RWIX
  ECAP3                 00006a40   00000020  00000020  00000000  RWIX
  ECAP4                 00006a60   00000020  00000020  00000000  RWIX
  ECAP5                 00006a80   00000020  00000020  00000000  RWIX
  ECAP6                 00006aa0   00000020  00000020  00000000  RWIX
  EQEP1                 00006b00   00000040  00000040  00000000  RWIX
  EQEP2                 00006b40   00000040  00000040  00000000  RWIX
  GPIOCTRL              00006f80   00000040  0000002e  00000012  RWIX
  GPIODAT               00006fc0   00000020  00000020  00000000  RWIX
  GPIOINT               00006fe0   00000020  0000000a  00000016  RWIX
  SYSTEM                00007010   00000020  00000020  00000000  RWIX
  SPIA                  00007040   00000010  00000010  00000000  RWIX
  SCIA                  00007050   00000010  00000010  00000000  RWIX
  XINTRUPT              00007070   00000010  00000010  00000000  RWIX
  ADC                   00007100   00000020  0000001e  00000002  RWIX
  SCIB                  00007750   00000010  00000010  00000000  RWIX
  SCIC                  00007770   00000010  00000010  00000000  RWIX
  I2CA                  00007900   00000040  00000022  0000001e  RWIX
  RAML4                 0000c000   00001000  0000000b  00000ff5  RWIX
  RAML5                 0000d000   00001000  00000025  00000fdb  RWIX
  RAML6                 0000e000   00001000  00000000  00001000  RWIX
  RAML7                 0000f000   00001000  00000000  00001000  RWIX
  ZONE7B                0020fc00   00000400  00000000  00000400  RWIX
  CSM_PWL               0033fff8   00000008  00000008  00000000  RWIX
  PARTID                00380090   00000001  00000001  00000000  RWIX


SECTION ALLOCATION MAP

 output                                  attributes/
section   page    origin      length       input sections
--------  ----  ----------  ----------   ----------------
codestart 
*          0    00000000    00000002     
                  00000000    00000002     DSP2833x_CodeStartBranch.obj (codestart)

.text      0    00008000    000012f5     
                  00008000    0000101c     EVE_commands.obj (.text)
                  0000901c    00000107     rts2800_fpu32.lib : ll_div28.asm.obj (.text)
                  00009123    00000056                       : boot28.asm.obj (.text)
                  00009179    00000043     mcu.obj (.text)
                  000091bc    0000003f     F28335_DeviceInit.obj (.text)
                  000091fb    00000037     main.obj (.text)
                  00009232    00000029     rts2800_fpu32.lib : exit.c.obj (.text)
                  0000925b    00000024                       : cpy_tbl.c.obj (.text)
                  0000927f    0000001e     gpio.obj (.text)
                  0000929d    0000001d     rts2800_fpu32.lib : memcpy.c.obj (.text)
                  000092ba    00000015     interrupts.obj (.text:retain)
                  000092cf    00000012     rts2800_fpu32.lib : args_main.c.obj (.text)
                  000092e1    00000009                       : _lock.c.obj (.text)
                  000092ea    00000008     DSP2833x_CodeStartBranch.obj (.text)
                  000092f2    00000002     rts2800_fpu32.lib : pre_init.c.obj (.text)
                  000092f4    00000001                       : startup.c.obj (.text)

.cinit     0    000092f5    0000001e     
                  000092f5    0000000e     rts2800_fpu32.lib : exit.c.obj (.cinit)
                  00009303    00000005                       : _lock.c.obj (.cinit:__lock)
                  00009308    00000005                       : _lock.c.obj (.cinit:__unlock)
                  0000930d    00000004     EVE_commands.obj (.cinit)
                  00009311    00000002     --HOLE-- [fill = 0]

.pinit     0    00008000    00000000     UNINITIALIZED

.stack     1    00000400    00000300     UNINITIALIZED
                  00000400    00000300     --HOLE--

DevEmuRegsFile 
*          1    00000880    000000d0     UNINITIALIZED
                  00000880    000000d0     DSP2833x_GlobalVariableDefs.obj (DevEmuRegsFile)

FlashRegsFile 
*          1    00000a80    00000008     UNINITIALIZED
                  00000a80    00000008     DSP2833x_GlobalVariableDefs.obj (FlashRegsFile)

CsmRegsFile 
*          1    00000ae0    00000010     UNINITIALIZED
                  00000ae0    00000010     DSP2833x_GlobalVariableDefs.obj (CsmRegsFile)

AdcMirrorFile 
*          1    00000b00    00000010     UNINITIALIZED
                  00000b00    00000010     DSP2833x_GlobalVariableDefs.obj (AdcMirrorFile)

XintfRegsFile 
*          1    00000b20    0000001e     UNINITIALIZED
                  00000b20    0000001e     DSP2833x_GlobalVariableDefs.obj (XintfRegsFile)

CpuTimer0RegsFile 
*          1    00000c00    00000008     UNINITIALIZED
                  00000c00    00000008     DSP2833x_GlobalVariableDefs.obj (CpuTimer0RegsFile)

CpuTimer1RegsFile 
*          1    00000c08    00000008     UNINITIALIZED
                  00000c08    00000008     DSP2833x_GlobalVariableDefs.obj (CpuTimer1RegsFile)

CpuTimer2RegsFile 
*          1    00000c10    00000008     UNINITIALIZED
                  00000c10    00000008     DSP2833x_GlobalVariableDefs.obj (CpuTimer2RegsFile)

PieCtrlRegsFile 
*          1    00000ce0    0000001a     UNINITIALIZED
                  00000ce0    0000001a     DSP2833x_GlobalVariableDefs.obj (PieCtrlRegsFile)

ECanaMOTSRegsFile 
*          1    00006080    00000040     UNINITIALIZED
                  00006080    00000040     DSP2833x_GlobalVariableDefs.obj (ECanaMOTSRegsFile)

ECanaMOTORegsFile 
*          1    000060c0    00000040     UNINITIALIZED
                  000060c0    00000040     DSP2833x_GlobalVariableDefs.obj (ECanaMOTORegsFile)

ECanbMOTSRegsFile 
*          1    00006280    00000040     UNINITIALIZED
                  00006280    00000040     DSP2833x_GlobalVariableDefs.obj (ECanbMOTSRegsFile)

ECanbMOTORegsFile 
*          1    000062c0    00000040     UNINITIALIZED
                  000062c0    00000040     DSP2833x_GlobalVariableDefs.obj (ECanbMOTORegsFile)

.ebss      1    0000c000    0000000b     UNINITIALIZED
                  0000c000    00000006     rts2800_fpu32.lib : exit.c.obj (.ebss)
                  0000c006    00000002                       : _lock.c.obj (.ebss:__lock)
                  0000c008    00000002                       : _lock.c.obj (.ebss:__unlock)
                  0000c00a    00000001     EVE_commands.obj (.ebss)

.econst    1    0000d000    00000025     
                  0000d000    00000017     EVE_commands.obj (.econst:.string)
                  0000d017    00000001     --HOLE-- [fill = 0]
                  0000d018    0000000d     main.obj (.econst:.string)

.reset     0    003fffc0    00000002     DSECT
                  003fffc0    00000002     rts2800_fpu32.lib : boot28.asm.obj (.reset)

csm_rsvd   0    0033ff80    00000000     DSECT

csmpasswds 
*          0    0033fff8    00000000     DSECT

.adc_cal   0    00380080    00000007     NOLOAD SECTION
                  00380080    00000007     DSP2833x_ADC_cal.obj (.adc_cal)

PieVectTableFile 
*          1    00000d00    00000100     UNINITIALIZED
                  00000d00    00000100     DSP2833x_GlobalVariableDefs.obj (PieVectTableFile)

DmaRegsFile 
*          1    00001000    000000e0     UNINITIALIZED
                  00001000    000000e0     DSP2833x_GlobalVariableDefs.obj (DmaRegsFile)

McbspaRegsFile 
*          1    00005000    00000025     UNINITIALIZED
                  00005000    00000025     DSP2833x_GlobalVariableDefs.obj (McbspaRegsFile)

McbspbRegsFile 
*          1    00005040    00000025     UNINITIALIZED
                  00005040    00000025     DSP2833x_GlobalVariableDefs.obj (McbspbRegsFile)

ECanaRegsFile 
*          1    00006000    00000034     UNINITIALIZED
                  00006000    00000034     DSP2833x_GlobalVariableDefs.obj (ECanaRegsFile)

ECanaLAMRegsFile 
*          1    00006040    00000040     UNINITIALIZED
                  00006040    00000040     DSP2833x_GlobalVariableDefs.obj (ECanaLAMRegsFile)

ECanaMboxesFile 
*          1    00006100    00000100     UNINITIALIZED
                  00006100    00000100     DSP2833x_GlobalVariableDefs.obj (ECanaMboxesFile)

ECanbRegsFile 
*          1    00006200    00000034     UNINITIALIZED
                  00006200    00000034     DSP2833x_GlobalVariableDefs.obj (ECanbRegsFile)

ECanbLAMRegsFile 
*          1    00006240    00000040     UNINITIALIZED
                  00006240    00000040     DSP2833x_GlobalVariableDefs.obj (ECanbLAMRegsFile)

ECanbMboxesFile 
*          1    00006300    00000100     UNINITIALIZED
                  00006300    00000100     DSP2833x_GlobalVariableDefs.obj (ECanbMboxesFile)

EPwm1RegsFile 
*          1    00006800    00000022     UNINITIALIZED
                  00006800    00000022     DSP2833x_GlobalVariableDefs.obj (EPwm1RegsFile)

EPwm2RegsFile 
*          1    00006840    00000022     UNINITIALIZED
                  00006840    00000022     DSP2833x_GlobalVariableDefs.obj (EPwm2RegsFile)

EPwm3RegsFile 
*          1    00006880    00000022     UNINITIALIZED
                  00006880    00000022     DSP2833x_GlobalVariableDefs.obj (EPwm3RegsFile)

EPwm4RegsFile 
*          1    000068c0    00000022     UNINITIALIZED
                  000068c0    00000022     DSP2833x_GlobalVariableDefs.obj (EPwm4RegsFile)

EPwm5RegsFile 
*          1    00006900    00000022     UNINITIALIZED
                  00006900    00000022     DSP2833x_GlobalVariableDefs.obj (EPwm5RegsFile)

EPwm6RegsFile 
*          1    00006940    00000022     UNINITIALIZED
                  00006940    00000022     DSP2833x_GlobalVariableDefs.obj (EPwm6RegsFile)

ECap1RegsFile 
*          1    00006a00    00000020     UNINITIALIZED
                  00006a00    00000020     DSP2833x_GlobalVariableDefs.obj (ECap1RegsFile)

ECap2RegsFile 
*          1    00006a20    00000020     UNINITIALIZED
                  00006a20    00000020     DSP2833x_GlobalVariableDefs.obj (ECap2RegsFile)

ECap3RegsFile 
*          1    00006a40    00000020     UNINITIALIZED
                  00006a40    00000020     DSP2833x_GlobalVariableDefs.obj (ECap3RegsFile)

ECap4RegsFile 
*          1    00006a60    00000020     UNINITIALIZED
                  00006a60    00000020     DSP2833x_GlobalVariableDefs.obj (ECap4RegsFile)

ECap5RegsFile 
*          1    00006a80    00000020     UNINITIALIZED
                  00006a80    00000020     DSP2833x_GlobalVariableDefs.obj (ECap5RegsFile)

ECap6RegsFile 
*          1    00006aa0    00000020     UNINITIALIZED
                  00006aa0    00000020     DSP2833x_GlobalVariableDefs.obj (ECap6RegsFile)

EQep1RegsFile 
*          1    00006b00    00000040     UNINITIALIZED
                  00006b00    00000040     DSP2833x_GlobalVariableDefs.obj (EQep1RegsFile)

EQep2RegsFile 
*          1    00006b40    00000040     UNINITIALIZED
                  00006b40    00000040     DSP2833x_GlobalVariableDefs.obj (EQep2RegsFile)

GpioCtrlRegsFile 
*          1    00006f80    0000002e     UNINITIALIZED
                  00006f80    0000002e     DSP2833x_GlobalVariableDefs.obj (GpioCtrlRegsFile)

GpioDataRegsFile 
*          1    00006fc0    00000020     UNINITIALIZED
                  00006fc0    00000020     DSP2833x_GlobalVariableDefs.obj (GpioDataRegsFile)

GpioIntRegsFile 
*          1    00006fe0    0000000a     UNINITIALIZED
                  00006fe0    0000000a     DSP2833x_GlobalVariableDefs.obj (GpioIntRegsFile)

SysCtrlRegsFile 
*          1    00007010    00000020     UNINITIALIZED
                  00007010    00000020     DSP2833x_GlobalVariableDefs.obj (SysCtrlRegsFile)

SpiaRegsFile 
*          1    00007040    00000010     UNINITIALIZED
                  00007040    00000010     DSP2833x_GlobalVariableDefs.obj (SpiaRegsFile)

SciaRegsFile 
*          1    00007050    00000010     UNINITIALIZED
                  00007050    00000010     DSP2833x_GlobalVariableDefs.obj (SciaRegsFile)

XIntruptRegsFile 
*          1    00007070    00000010     UNINITIALIZED
                  00007070    00000010     DSP2833x_GlobalVariableDefs.obj (XIntruptRegsFile)

AdcRegsFile 
*          1    00007100    0000001e     UNINITIALIZED
                  00007100    0000001e     DSP2833x_GlobalVariableDefs.obj (AdcRegsFile)

ScibRegsFile 
*          1    00007750    00000010     UNINITIALIZED
                  00007750    00000010     DSP2833x_GlobalVariableDefs.obj (ScibRegsFile)

ScicRegsFile 
*          1    00007770    00000010     UNINITIALIZED
                  00007770    00000010     DSP2833x_GlobalVariableDefs.obj (ScicRegsFile)

I2caRegsFile 
*          1    00007900    00000022     UNINITIALIZED
                  00007900    00000022     DSP2833x_GlobalVariableDefs.obj (I2caRegsFile)

CsmPwlFile 
*          1    0033fff8    00000008     UNINITIALIZED
                  0033fff8    00000008     DSP2833x_GlobalVariableDefs.obj (CsmPwlFile)

PartIdRegsFile 
*          1    00380090    00000001     UNINITIALIZED
                  00380090    00000001     DSP2833x_GlobalVariableDefs.obj (PartIdRegsFile)

ramfuncs   0    00000050    00000004     
                  00000050    00000004     DSP2833x_usDelay.obj (ramfuncs)

MODULE SUMMARY

       Module                            code   initialized data   uninitialized data
       ------                            ----   ----------------   ------------------
    .\
       main.obj                          55     13                 0                 
       mcu.obj                           67     0                  0                 
       gpio.obj                          30     0                  0                 
       interrupts.obj                    21     0                  0                 
    +--+---------------------------------+------+------------------+--------------------+
       Total:                            173    13                 0                 
                                                                                     
    .\KniznicaBT813\
       EVE_commands.obj                  4124   27                 1                 
    +--+---------------------------------+------+------------------+--------------------+
       Total:                            4124   27                 1                 
                                                                                     
    .\TI_files\
       DSP2833x_GlobalVariableDefs.obj   0      0                  2679              
       F28335_DeviceInit.obj             63     0                  0                 
       DSP2833x_CodeStartBranch.obj      10     0                  0                 
       DSP2833x_ADC_cal.obj              7      0                  0                 
       DSP2833x_usDelay.obj              4      0                  0                 
    +--+---------------------------------+------+------------------+--------------------+
       Total:                            84     0                  2679              
                                                                                     
    C:/ti/ccs1100/ccs/tools/compiler/ti-cgt-c2000_21.6.0.LTS/lib/rts2800_fpu32.lib
       ll_div28.asm.obj                  263    0                  0                 
       boot28.asm.obj                    86     0                  0                 
       exit.c.obj                        41     14                 6                 
       cpy_tbl.c.obj                     36     0                  0                 
       memcpy.c.obj                      29     0                  0                 
       _lock.c.obj                       9      10                 4                 
       args_main.c.obj                   18     0                  0                 
       pre_init.c.obj                    2      0                  0                 
       startup.c.obj                     1      0                  0                 
    +--+---------------------------------+------+------------------+--------------------+
       Total:                            485    24                 10                
                                                                                     
       Stack:                            0      0                  768               
    +--+---------------------------------+------+------------------+--------------------+
       Grand Total:                      4866   64                 3458              


GLOBAL DATA SYMBOLS: SORTED BY DATA PAGE

address     data page           name
--------    ----------------    ----
00000400      10 (00000400)     __stack

00000880      22 (00000880)     _DevEmuRegs

00000a80      2a (00000a80)     _FlashRegs

00000ae0      2b (00000ac0)     _CsmRegs

00000b00      2c (00000b00)     _AdcMirror
00000b20      2c (00000b00)     _XintfRegs

00000c00      30 (00000c00)     _CpuTimer0Regs
00000c08      30 (00000c00)     _CpuTimer1Regs
00000c10      30 (00000c00)     _CpuTimer2Regs

00000ce0      33 (00000cc0)     _PieCtrlRegs

00000d00      34 (00000d00)     _PieVectTable

00001000      40 (00001000)     _DmaRegs

00005000     140 (00005000)     _McbspaRegs

00005040     141 (00005040)     _McbspbRegs

00006000     180 (00006000)     _ECanaRegs

00006040     181 (00006040)     _ECanaLAMRegs

00006080     182 (00006080)     _ECanaMOTSRegs

000060c0     183 (000060c0)     _ECanaMOTORegs

00006100     184 (00006100)     _ECanaMboxes

00006200     188 (00006200)     _ECanbRegs

00006240     189 (00006240)     _ECanbLAMRegs

00006280     18a (00006280)     _ECanbMOTSRegs

000062c0     18b (000062c0)     _ECanbMOTORegs

00006300     18c (00006300)     _ECanbMboxes

00006800     1a0 (00006800)     _EPwm1Regs

00006840     1a1 (00006840)     _EPwm2Regs

00006880     1a2 (00006880)     _EPwm3Regs

000068c0     1a3 (000068c0)     _EPwm4Regs

00006900     1a4 (00006900)     _EPwm5Regs

00006940     1a5 (00006940)     _EPwm6Regs

00006a00     1a8 (00006a00)     _ECap1Regs
00006a20     1a8 (00006a00)     _ECap2Regs

00006a40     1a9 (00006a40)     _ECap3Regs
00006a60     1a9 (00006a40)     _ECap4Regs

00006a80     1aa (00006a80)     _ECap5Regs
00006aa0     1aa (00006a80)     _ECap6Regs

00006b00     1ac (00006b00)     _EQep1Regs

00006b40     1ad (00006b40)     _EQep2Regs

00006f80     1be (00006f80)     _GpioCtrlRegs

00006fc0     1bf (00006fc0)     _GpioDataRegs
00006fe0     1bf (00006fc0)     _GpioIntRegs

00007010     1c0 (00007000)     _SysCtrlRegs

00007040     1c1 (00007040)     _SpiaRegs
00007050     1c1 (00007040)     _SciaRegs
00007070     1c1 (00007040)     _XIntruptRegs

00007100     1c4 (00007100)     _AdcRegs

00007750     1dd (00007740)     _ScibRegs
00007770     1dd (00007740)     _ScicRegs

00007900     1e4 (00007900)     _I2caRegs

0000c000     300 (0000c000)     ___TI_enable_exit_profile_output
0000c002     300 (0000c000)     ___TI_cleanup_ptr
0000c004     300 (0000c000)     ___TI_dtors_ptr
0000c006     300 (0000c000)     __lock
0000c008     300 (0000c000)     __unlock
0000c00a     300 (0000c000)     _cmd_burst

0033fff8    cfff (0033ffc0)     _CsmPwl

00380090    e002 (00380080)     _PartIdRegs


GLOBAL SYMBOLS: SORTED ALPHABETICALLY BY Name 

page  address   name                            
----  -------   ----                            
0     00008000  .text                           
0     00009232  C$$EXIT                         
0     0000901c  LL$$DIV                         
0     00009058  LL$$MOD                         
0     00009092  ULL$$DIV                        
0     000090c1  ULL$$MOD                        
0     00380080  _ADC_cal                        
1     00000b00  _AdcMirror                      
1     00007100  _AdcRegs                        
1     00000c00  _CpuTimer0Regs                  
1     00000c08  _CpuTimer1Regs                  
1     00000c10  _CpuTimer2Regs                  
1     0033fff8  _CsmPwl                         
1     00000ae0  _CsmRegs                        
0     00000050  _DSP28x_usDelay                 
1     00000880  _DevEmuRegs                     
0     000091bc  _DeviceInitialization           
1     00001000  _DmaRegs                        
1     00006040  _ECanaLAMRegs                   
1     000060c0  _ECanaMOTORegs                  
1     00006080  _ECanaMOTSRegs                  
1     00006100  _ECanaMboxes                    
1     00006000  _ECanaRegs                      
1     00006240  _ECanbLAMRegs                   
1     000062c0  _ECanbMOTORegs                  
1     00006280  _ECanbMOTSRegs                  
1     00006300  _ECanbMboxes                    
1     00006200  _ECanbRegs                      
1     00006a00  _ECap1Regs                      
1     00006a20  _ECap2Regs                      
1     00006a40  _ECap3Regs                      
1     00006a60  _ECap4Regs                      
1     00006a80  _ECap5Regs                      
1     00006aa0  _ECap6Regs                      
1     00006800  _EPwm1Regs                      
1     00006840  _EPwm2Regs                      
1     00006880  _EPwm3Regs                      
1     000068c0  _EPwm4Regs                      
1     00006900  _EPwm5Regs                      
1     00006940  _EPwm6Regs                      
1     00006b00  _EQep1Regs                      
1     00006b40  _EQep2Regs                      
0     00008188  _EVE_busy                       
0     00008dcf  _EVE_calibrate_manual           
0     0000805e  _EVE_cmdWrite                   
0     000085f9  _EVE_cmd_append                 
0     0000860d  _EVE_cmd_append_burst           
0     0000861b  _EVE_cmd_bgcolor                
0     00008637  _EVE_cmd_bgcolor_burst          
0     00008642  _EVE_cmd_button                 
0     00008680  _EVE_cmd_button_burst           
0     000086a5  _EVE_cmd_calibrate              
0     000086b3  _EVE_cmd_clock                  
0     000086fc  _EVE_cmd_clock_burst            
0     00008720  _EVE_cmd_dial                   
0     0000875a  _EVE_cmd_dial_burst             
0     000085e6  _EVE_cmd_dl                     
0     000085f3  _EVE_cmd_dl_burst               
0     00008777  _EVE_cmd_fgcolor                
0     00008793  _EVE_cmd_fgcolor_burst          
0     0000879e  _EVE_cmd_gauge                  
0     000087e7  _EVE_cmd_gauge_burst            
0     0000880b  _EVE_cmd_getmatrix              
0     00008234  _EVE_cmd_getprops               
0     00008280  _EVE_cmd_getptr                 
0     0000888e  _EVE_cmd_gradcolor              
0     000088aa  _EVE_cmd_gradcolor_burst        
0     000088b5  _EVE_cmd_gradient               
0     000088fd  _EVE_cmd_gradient_burst         
0     000082a4  _EVE_cmd_inflate                
0     000082b8  _EVE_cmd_interrupt              
0     0000891d  _EVE_cmd_keys                   
0     0000895b  _EVE_cmd_keys_burst             
0     000082c5  _EVE_cmd_loadimage              
0     000082df  _EVE_cmd_mediafifo              
0     000082ef  _EVE_cmd_memcpy                 
0     0000830a  _EVE_cmd_memcrc                 
0     00008335  _EVE_cmd_memset                 
0     00008349  _EVE_cmd_memzero                
0     00008980  _EVE_cmd_number                 
0     000089af  _EVE_cmd_number_burst           
0     00008361  _EVE_cmd_playvideo              
0     000089cb  _EVE_cmd_progress               
0     00008a13  _EVE_cmd_progress_burst         
0     00008377  _EVE_cmd_regread                
0     00008a36  _EVE_cmd_romfont                
0     00008a60  _EVE_cmd_romfont_burst          
0     00008a6e  _EVE_cmd_rotate                 
0     00008a7f  _EVE_cmd_rotate_burst           
0     00008a8a  _EVE_cmd_scale                  
0     00008a9e  _EVE_cmd_scale_burst            
0     00008aac  _EVE_cmd_scrollbar              
0     00008af5  _EVE_cmd_scrollbar_burst        
0     00008b1a  _EVE_cmd_setbase                
0     00008b2b  _EVE_cmd_setbase_burst          
0     00008b36  _EVE_cmd_setbitmap              
0     00008b64  _EVE_cmd_setbitmap_burst        
0     00008b79  _EVE_cmd_setfont                
0     00008b9b  _EVE_cmd_setfont2               
0     00008bb2  _EVE_cmd_setfont2_burst         
0     00008b8d  _EVE_cmd_setfont_burst          
0     0000839f  _EVE_cmd_setrotate              
0     00008bc3  _EVE_cmd_setscratch             
0     00008bd4  _EVE_cmd_setscratch_burst       
0     00008bdf  _EVE_cmd_sketch                 
0     00008c1b  _EVE_cmd_sketch_burst           
0     00008c38  _EVE_cmd_slider                 
0     00008c80  _EVE_cmd_slider_burst           
0     000083b4  _EVE_cmd_snapshot               
0     000083c9  _EVE_cmd_snapshot2              
0     00008ca3  _EVE_cmd_spinner                
0     00008cd0  _EVE_cmd_spinner_burst          
0     00008ce8  _EVE_cmd_text                   
0     00008d18  _EVE_cmd_text_burst             
0     00008d35  _EVE_cmd_toggle                 
0     00008d73  _EVE_cmd_toggle_burst           
0     000083ff  _EVE_cmd_track                  
0     00008d96  _EVE_cmd_translate              
0     00008daa  _EVE_cmd_translate_burst        
0     0000843d  _EVE_cmd_videoframe             
0     00008db8  _EVE_color_rgb                  
0     00008dc7  _EVE_color_rgb_burst            
0     00008577  _EVE_end_cmd_burst              
0     000081b9  _EVE_execute_cmd                
0     00008455  _EVE_init                       
0     0000808a  _EVE_memRead16                  
0     000080ab  _EVE_memRead32                  
0     00008070  _EVE_memRead8                   
0     000080f9  _EVE_memWrite16                 
0     00008117  _EVE_memWrite32                 
0     000080e0  _EVE_memWrite8                  
0     0000812f  _EVE_memWrite_flash_buffer      
0     0000815c  _EVE_memWrite_sram_buffer       
0     0000855e  _EVE_start_cmd_burst            
1     00000a80  _FlashRegs                      
1     00006f80  _GpioCtrlRegs                   
1     00006fc0  _GpioDataRegs                   
1     00006fe0  _GpioIntRegs                    
1     00007900  _I2caRegs                       
1     00005000  _McbspaRegs                     
1     00005040  _McbspbRegs                     
1     00380090  _PartIdRegs                     
1     00000ce0  _PieCtrlRegs                    
1     00000d00  _PieVectTable                   
1     00007050  _SciaRegs                       
1     00007750  _ScibRegs                       
1     00007770  _ScicRegs                       
1     00007040  _SpiaRegs                       
1     00007010  _SysCtrlRegs                    
1     00007070  _XIntruptRegs                   
1     00000b20  _XintfRegs                      
1     00000700  __STACK_END                     
abs   00000300  __STACK_SIZE                    
1     0000c002  ___TI_cleanup_ptr               
1     0000c004  ___TI_dtors_ptr                 
1     0000c000  ___TI_enable_exit_profile_output
abs   ffffffff  ___TI_pprof_out_hndl            
abs   ffffffff  ___TI_prof_data_size            
abs   ffffffff  ___TI_prof_data_start           
abs   ffffffff  ___binit__                      
abs   ffffffff  ___c_args__                     
0     000092f5  ___cinit__                      
0     000092f5  ___etext__                      
abs   ffffffff  ___pinit__                      
0     00008000  ___text__                       
0     000092cf  __args_main                     
1     0000c006  __lock                          
0     000092e9  __nop                           
0     000092e5  __register_lock                 
0     000092e1  __register_unlock               
1     00000400  __stack                         
0     000092f4  __system_post_cinit             
0     000092f2  __system_pre_init               
1     0000c008  __unlock                        
0     00009232  _abort                          
0     000081fd  _block_transfer                 
0     00009123  _c_int00                        
1     0000c00a  _cmd_burst                      
0     0000925b  _copy_in                        
0     00009234  _exit                           
0     0000927f  _gpio_init                      
0     000092ba  _intr_SpiaRcv                   
0     000091fb  _main                           
0     00009179  _mcu_initSpia                   
0     0000929d  _memcpy                         
0     000081db  _private_block_write            
abs   ffffffff  binit                           
0     000092f5  cinit                           
0     00000000  code_start                      
0     000092f5  etext                           
abs   ffffffff  pinit                           


GLOBAL SYMBOLS: SORTED BY Symbol Address 

page  address   name                            
----  -------   ----                            
0     00000000  code_start                      
0     00000050  _DSP28x_usDelay                 
0     00008000  .text                           
0     00008000  ___text__                       
0     0000805e  _EVE_cmdWrite                   
0     00008070  _EVE_memRead8                   
0     0000808a  _EVE_memRead16                  
0     000080ab  _EVE_memRead32                  
0     000080e0  _EVE_memWrite8                  
0     000080f9  _EVE_memWrite16                 
0     00008117  _EVE_memWrite32                 
0     0000812f  _EVE_memWrite_flash_buffer      
0     0000815c  _EVE_memWrite_sram_buffer       
0     00008188  _EVE_busy                       
0     000081b9  _EVE_execute_cmd                
0     000081db  _private_block_write            
0     000081fd  _block_transfer                 
0     00008234  _EVE_cmd_getprops               
0     00008280  _EVE_cmd_getptr                 
0     000082a4  _EVE_cmd_inflate                
0     000082b8  _EVE_cmd_interrupt              
0     000082c5  _EVE_cmd_loadimage              
0     000082df  _EVE_cmd_mediafifo              
0     000082ef  _EVE_cmd_memcpy                 
0     0000830a  _EVE_cmd_memcrc                 
0     00008335  _EVE_cmd_memset                 
0     00008349  _EVE_cmd_memzero                
0     00008361  _EVE_cmd_playvideo              
0     00008377  _EVE_cmd_regread                
0     0000839f  _EVE_cmd_setrotate              
0     000083b4  _EVE_cmd_snapshot               
0     000083c9  _EVE_cmd_snapshot2              
0     000083ff  _EVE_cmd_track                  
0     0000843d  _EVE_cmd_videoframe             
0     00008455  _EVE_init                       
0     0000855e  _EVE_start_cmd_burst            
0     00008577  _EVE_end_cmd_burst              
0     000085e6  _EVE_cmd_dl                     
0     000085f3  _EVE_cmd_dl_burst               
0     000085f9  _EVE_cmd_append                 
0     0000860d  _EVE_cmd_append_burst           
0     0000861b  _EVE_cmd_bgcolor                
0     00008637  _EVE_cmd_bgcolor_burst          
0     00008642  _EVE_cmd_button                 
0     00008680  _EVE_cmd_button_burst           
0     000086a5  _EVE_cmd_calibrate              
0     000086b3  _EVE_cmd_clock                  
0     000086fc  _EVE_cmd_clock_burst            
0     00008720  _EVE_cmd_dial                   
0     0000875a  _EVE_cmd_dial_burst             
0     00008777  _EVE_cmd_fgcolor                
0     00008793  _EVE_cmd_fgcolor_burst          
0     0000879e  _EVE_cmd_gauge                  
0     000087e7  _EVE_cmd_gauge_burst            
0     0000880b  _EVE_cmd_getmatrix              
0     0000888e  _EVE_cmd_gradcolor              
0     000088aa  _EVE_cmd_gradcolor_burst        
0     000088b5  _EVE_cmd_gradient               
0     000088fd  _EVE_cmd_gradient_burst         
0     0000891d  _EVE_cmd_keys                   
0     0000895b  _EVE_cmd_keys_burst             
0     00008980  _EVE_cmd_number                 
0     000089af  _EVE_cmd_number_burst           
0     000089cb  _EVE_cmd_progress               
0     00008a13  _EVE_cmd_progress_burst         
0     00008a36  _EVE_cmd_romfont                
0     00008a60  _EVE_cmd_romfont_burst          
0     00008a6e  _EVE_cmd_rotate                 
0     00008a7f  _EVE_cmd_rotate_burst           
0     00008a8a  _EVE_cmd_scale                  
0     00008a9e  _EVE_cmd_scale_burst            
0     00008aac  _EVE_cmd_scrollbar              
0     00008af5  _EVE_cmd_scrollbar_burst        
0     00008b1a  _EVE_cmd_setbase                
0     00008b2b  _EVE_cmd_setbase_burst          
0     00008b36  _EVE_cmd_setbitmap              
0     00008b64  _EVE_cmd_setbitmap_burst        
0     00008b79  _EVE_cmd_setfont                
0     00008b8d  _EVE_cmd_setfont_burst          
0     00008b9b  _EVE_cmd_setfont2               
0     00008bb2  _EVE_cmd_setfont2_burst         
0     00008bc3  _EVE_cmd_setscratch             
0     00008bd4  _EVE_cmd_setscratch_burst       
0     00008bdf  _EVE_cmd_sketch                 
0     00008c1b  _EVE_cmd_sketch_burst           
0     00008c38  _EVE_cmd_slider                 
0     00008c80  _EVE_cmd_slider_burst           
0     00008ca3  _EVE_cmd_spinner                
0     00008cd0  _EVE_cmd_spinner_burst          
0     00008ce8  _EVE_cmd_text                   
0     00008d18  _EVE_cmd_text_burst             
0     00008d35  _EVE_cmd_toggle                 
0     00008d73  _EVE_cmd_toggle_burst           
0     00008d96  _EVE_cmd_translate              
0     00008daa  _EVE_cmd_translate_burst        
0     00008db8  _EVE_color_rgb                  
0     00008dc7  _EVE_color_rgb_burst            
0     00008dcf  _EVE_calibrate_manual           
0     0000901c  LL$$DIV                         
0     00009058  LL$$MOD                         
0     00009092  ULL$$DIV                        
0     000090c1  ULL$$MOD                        
0     00009123  _c_int00                        
0     00009179  _mcu_initSpia                   
0     000091bc  _DeviceInitialization           
0     000091fb  _main                           
0     00009232  C$$EXIT                         
0     00009232  _abort                          
0     00009234  _exit                           
0     0000925b  _copy_in                        
0     0000927f  _gpio_init                      
0     0000929d  _memcpy                         
0     000092ba  _intr_SpiaRcv                   
0     000092cf  __args_main                     
0     000092e1  __register_unlock               
0     000092e5  __register_lock                 
0     000092e9  __nop                           
0     000092f2  __system_pre_init               
0     000092f4  __system_post_cinit             
0     000092f5  ___cinit__                      
0     000092f5  ___etext__                      
0     000092f5  cinit                           
0     000092f5  etext                           
0     00380080  _ADC_cal                        
1     00000400  __stack                         
1     00000700  __STACK_END                     
1     00000880  _DevEmuRegs                     
1     00000a80  _FlashRegs                      
1     00000ae0  _CsmRegs                        
1     00000b00  _AdcMirror                      
1     00000b20  _XintfRegs                      
1     00000c00  _CpuTimer0Regs                  
1     00000c08  _CpuTimer1Regs                  
1     00000c10  _CpuTimer2Regs                  
1     00000ce0  _PieCtrlRegs                    
1     00000d00  _PieVectTable                   
1     00001000  _DmaRegs                        
1     00005000  _McbspaRegs                     
1     00005040  _McbspbRegs                     
1     00006000  _ECanaRegs                      
1     00006040  _ECanaLAMRegs                   
1     00006080  _ECanaMOTSRegs                  
1     000060c0  _ECanaMOTORegs                  
1     00006100  _ECanaMboxes                    
1     00006200  _ECanbRegs                      
1     00006240  _ECanbLAMRegs                   
1     00006280  _ECanbMOTSRegs                  
1     000062c0  _ECanbMOTORegs                  
1     00006300  _ECanbMboxes                    
1     00006800  _EPwm1Regs                      
1     00006840  _EPwm2Regs                      
1     00006880  _EPwm3Regs                      
1     000068c0  _EPwm4Regs                      
1     00006900  _EPwm5Regs                      
1     00006940  _EPwm6Regs                      
1     00006a00  _ECap1Regs                      
1     00006a20  _ECap2Regs                      
1     00006a40  _ECap3Regs                      
1     00006a60  _ECap4Regs                      
1     00006a80  _ECap5Regs                      
1     00006aa0  _ECap6Regs                      
1     00006b00  _EQep1Regs                      
1     00006b40  _EQep2Regs                      
1     00006f80  _GpioCtrlRegs                   
1     00006fc0  _GpioDataRegs                   
1     00006fe0  _GpioIntRegs                    
1     00007010  _SysCtrlRegs                    
1     00007040  _SpiaRegs                       
1     00007050  _SciaRegs                       
1     00007070  _XIntruptRegs                   
1     00007100  _AdcRegs                        
1     00007750  _ScibRegs                       
1     00007770  _ScicRegs                       
1     00007900  _I2caRegs                       
1     0000c000  ___TI_enable_exit_profile_output
1     0000c002  ___TI_cleanup_ptr               
1     0000c004  ___TI_dtors_ptr                 
1     0000c006  __lock                          
1     0000c008  __unlock                        
1     0000c00a  _cmd_burst                      
1     0033fff8  _CsmPwl                         
1     00380090  _PartIdRegs                     
abs   00000300  __STACK_SIZE                    
abs   ffffffff  ___TI_pprof_out_hndl            
abs   ffffffff  ___TI_prof_data_size            
abs   ffffffff  ___TI_prof_data_start           
abs   ffffffff  ___binit__                      
abs   ffffffff  ___c_args__                     
abs   ffffffff  ___pinit__                      
abs   ffffffff  binit                           
abs   ffffffff  pinit                           

[191 symbols]
